Archive member included to satisfy reference by file (symbol)

../libft/libft.a(ft_memalloc.o)
                              /tmp/ccOpPnyv.o (ft_memalloc)
../libft/libft.a(ft_strlen.o)
                              /tmp/ccOpPnyv.o (ft_strlen)
../libft/libft.a(ft_strdup.o)
                              /tmp/ccOpPnyv.o (ft_strdup)
../libft/libft.a(ft_strchr.o)
                              /tmp/ccOpPnyv.o (ft_strchr)
../libft/libft.a(ft_strdel.o)
                              /tmp/ccOpPnyv.o (ft_strdel)
../libft/libft.a(ft_atoi.o)   /tmp/ccnzkj8R.o (ft_atoi)
../libft/libft.a(ft_strsplit.o)
                              /tmp/ccOpPnyv.o (ft_strsplit)
../libft/libft.a(ft_isdigit.o)
                              /tmp/ccOpPnyv.o (ft_isdigit)
../libft/libft.a(ft_strsub.o)
                              /tmp/ccnzkj8R.o (ft_strsub)
../libft/libft.a(ft_atoi_base.o)
                              /tmp/ccnzkj8R.o (ft_atoi_base)
../libft/libft.a(ft_strnlen.o)
                              /tmp/ccnzkj8R.o (ft_strnlen)
../libft/libft.a(ft_convert_dec.o)
                              ../libft/libft.a(ft_atoi_base.o) (ft_convert_dec)
../libft/libft.a(ft_get_next_line.o)
                              /tmp/ccOpPnyv.o (ft_get_next_line)
../libft/libft.a(ft_convert_power.o)
                              ../libft/libft.a(ft_atoi_base.o) (ft_convert_power)
../libft/libft.a(ft_is_inbase.o)
                              /tmp/ccOpPnyv.o (ft_is_inbase)
../libft/libft.a(ft_bzero.o)  ../libft/libft.a(ft_memalloc.o) (ft_bzero)
../libft/libft.a(ft_strnew.o)
                              ../libft/libft.a(ft_get_next_line.o) (ft_strnew)
../libft/libft.a(ft_strcpy.o)
                              ../libft/libft.a(ft_get_next_line.o) (ft_strcpy)
../libft/libft.a(ft_strcat.o)
                              ../libft/libft.a(ft_get_next_line.o) (ft_strcat)
../libft/libft.a(ft_power.o)  ../libft/libft.a(ft_convert_power.o) (ft_power)
/usr/lib/x86_64-linux-gnu/libc_nonshared.a(elf-init.oS)
                              /usr/lib/gcc/x86_64-linux-gnu/5/../../../x86_64-linux-gnu/crt1.o (__libc_csu_init)

Discarded input sections

 .note.GNU-stack
                0x0000000000000000        0x0 /usr/lib/gcc/x86_64-linux-gnu/5/../../../x86_64-linux-gnu/crt1.o
 .note.GNU-stack
                0x0000000000000000        0x0 /usr/lib/gcc/x86_64-linux-gnu/5/../../../x86_64-linux-gnu/crti.o
 .note.GNU-stack
                0x0000000000000000        0x0 /usr/lib/gcc/x86_64-linux-gnu/5/crtbegin.o
 .note.GNU-stack
                0x0000000000000000        0x0 /tmp/ccOpPnyv.o
 .note.GNU-stack
                0x0000000000000000        0x0 /tmp/ccnzkj8R.o
 .note.GNU-stack
                0x0000000000000000        0x0 ../libft/libft.a(ft_memalloc.o)
 .note.GNU-stack
                0x0000000000000000        0x0 ../libft/libft.a(ft_strlen.o)
 .note.GNU-stack
                0x0000000000000000        0x0 ../libft/libft.a(ft_strdup.o)
 .note.GNU-stack
                0x0000000000000000        0x0 ../libft/libft.a(ft_strchr.o)
 .note.GNU-stack
                0x0000000000000000        0x0 ../libft/libft.a(ft_strdel.o)
 .note.GNU-stack
                0x0000000000000000        0x0 ../libft/libft.a(ft_atoi.o)
 .note.GNU-stack
                0x0000000000000000        0x0 ../libft/libft.a(ft_strsplit.o)
 .note.GNU-stack
                0x0000000000000000        0x0 ../libft/libft.a(ft_isdigit.o)
 .note.GNU-stack
                0x0000000000000000        0x0 ../libft/libft.a(ft_strsub.o)
 .note.GNU-stack
                0x0000000000000000        0x0 ../libft/libft.a(ft_atoi_base.o)
 .note.GNU-stack
                0x0000000000000000        0x0 ../libft/libft.a(ft_strnlen.o)
 .note.GNU-stack
                0x0000000000000000        0x0 ../libft/libft.a(ft_convert_dec.o)
 .note.GNU-stack
                0x0000000000000000        0x0 ../libft/libft.a(ft_get_next_line.o)
 .note.GNU-stack
                0x0000000000000000        0x0 ../libft/libft.a(ft_convert_power.o)
 .note.GNU-stack
                0x0000000000000000        0x0 ../libft/libft.a(ft_is_inbase.o)
 .note.GNU-stack
                0x0000000000000000        0x0 ../libft/libft.a(ft_bzero.o)
 .note.GNU-stack
                0x0000000000000000        0x0 ../libft/libft.a(ft_strnew.o)
 .note.GNU-stack
                0x0000000000000000        0x0 ../libft/libft.a(ft_strcpy.o)
 .note.GNU-stack
                0x0000000000000000        0x0 ../libft/libft.a(ft_strcat.o)
 .note.GNU-stack
                0x0000000000000000        0x0 ../libft/libft.a(ft_power.o)
 .note.GNU-stack
                0x0000000000000000        0x0 /usr/lib/x86_64-linux-gnu/libc_nonshared.a(elf-init.oS)
 .note.GNU-stack
                0x0000000000000000        0x0 /usr/lib/gcc/x86_64-linux-gnu/5/crtend.o
 .note.GNU-stack
                0x0000000000000000        0x0 /usr/lib/gcc/x86_64-linux-gnu/5/../../../x86_64-linux-gnu/crtn.o

Memory Configuration

Name             Origin             Length             Attributes
*default*        0x0000000000000000 0xffffffffffffffff

Linker script and memory map

LOAD /usr/lib/gcc/x86_64-linux-gnu/5/../../../x86_64-linux-gnu/crt1.o
LOAD /usr/lib/gcc/x86_64-linux-gnu/5/../../../x86_64-linux-gnu/crti.o
LOAD /usr/lib/gcc/x86_64-linux-gnu/5/crtbegin.o
LOAD /tmp/ccOpPnyv.o
LOAD /tmp/ccnzkj8R.o
LOAD ../libft/libft.a
LOAD /usr/lib/gcc/x86_64-linux-gnu/5/libgcc.a
LOAD /usr/lib/gcc/x86_64-linux-gnu/5/libgcc_s.so
LOAD /usr/lib/gcc/x86_64-linux-gnu/5/../../../x86_64-linux-gnu/libc.so
START GROUP
LOAD /lib/x86_64-linux-gnu/libc.so.6
LOAD /usr/lib/x86_64-linux-gnu/libc_nonshared.a
LOAD /lib/x86_64-linux-gnu/ld-linux-x86-64.so.2
END GROUP
LOAD /usr/lib/gcc/x86_64-linux-gnu/5/libgcc.a
LOAD /usr/lib/gcc/x86_64-linux-gnu/5/libgcc_s.so
LOAD /usr/lib/gcc/x86_64-linux-gnu/5/crtend.o
LOAD /usr/lib/gcc/x86_64-linux-gnu/5/../../../x86_64-linux-gnu/crtn.o
                [!provide]                        PROVIDE (__executable_start, 0x400000)
                0x0000000000400238                . = (0x400000 + SIZEOF_HEADERS)

.interp         0x0000000000400238       0x1c
 *(.interp)
 .interp        0x0000000000400238       0x1c /usr/lib/gcc/x86_64-linux-gnu/5/../../../x86_64-linux-gnu/crt1.o

.note.ABI-tag   0x0000000000400254       0x20
 .note.ABI-tag  0x0000000000400254       0x20 /usr/lib/gcc/x86_64-linux-gnu/5/../../../x86_64-linux-gnu/crt1.o

.note.gnu.build-id
                0x0000000000400274       0x24
 *(.note.gnu.build-id)
 .note.gnu.build-id
                0x0000000000400274       0x24 /usr/lib/gcc/x86_64-linux-gnu/5/../../../x86_64-linux-gnu/crt1.o

.hash
 *(.hash)

.gnu.hash       0x0000000000400298       0x1c
 *(.gnu.hash)
 .gnu.hash      0x0000000000400298       0x1c /usr/lib/gcc/x86_64-linux-gnu/5/../../../x86_64-linux-gnu/crt1.o

.dynsym         0x00000000004002b8       0xf0
 *(.dynsym)
 .dynsym        0x00000000004002b8       0xf0 /usr/lib/gcc/x86_64-linux-gnu/5/../../../x86_64-linux-gnu/crt1.o

.dynstr         0x00000000004003a8       0x75
 *(.dynstr)
 .dynstr        0x00000000004003a8       0x75 /usr/lib/gcc/x86_64-linux-gnu/5/../../../x86_64-linux-gnu/crt1.o

.gnu.version    0x000000000040041e       0x14
 *(.gnu.version)
 .gnu.version   0x000000000040041e       0x14 /usr/lib/gcc/x86_64-linux-gnu/5/../../../x86_64-linux-gnu/crt1.o

.gnu.version_d  0x0000000000400438        0x0
 *(.gnu.version_d)
 .gnu.version_d
                0x0000000000400438        0x0 /usr/lib/gcc/x86_64-linux-gnu/5/../../../x86_64-linux-gnu/crt1.o

.gnu.version_r  0x0000000000400438       0x30
 *(.gnu.version_r)
 .gnu.version_r
                0x0000000000400438       0x30 /usr/lib/gcc/x86_64-linux-gnu/5/../../../x86_64-linux-gnu/crt1.o

.rela.dyn       0x0000000000400468       0x18
 *(.rela.init)
 *(.rela.text .rela.text.* .rela.gnu.linkonce.t.*)
 .rela.text     0x0000000000400468        0x0 /usr/lib/gcc/x86_64-linux-gnu/5/../../../x86_64-linux-gnu/crt1.o
 *(.rela.fini)
 *(.rela.rodata .rela.rodata.* .rela.gnu.linkonce.r.*)
 *(.rela.data .rela.data.* .rela.gnu.linkonce.d.*)
 *(.rela.tdata .rela.tdata.* .rela.gnu.linkonce.td.*)
 *(.rela.tbss .rela.tbss.* .rela.gnu.linkonce.tb.*)
 *(.rela.ctors)
 *(.rela.dtors)
 *(.rela.got)
 .rela.got      0x0000000000400468       0x18 /usr/lib/gcc/x86_64-linux-gnu/5/../../../x86_64-linux-gnu/crt1.o
 *(.rela.bss .rela.bss.* .rela.gnu.linkonce.b.*)
 .rela.bss      0x0000000000400480        0x0 /usr/lib/gcc/x86_64-linux-gnu/5/../../../x86_64-linux-gnu/crt1.o
 *(.rela.ldata .rela.ldata.* .rela.gnu.linkonce.l.*)
 *(.rela.lbss .rela.lbss.* .rela.gnu.linkonce.lb.*)
 *(.rela.lrodata .rela.lrodata.* .rela.gnu.linkonce.lr.*)
 *(.rela.ifunc)

.rela.plt       0x0000000000400480       0xc0
 *(.rela.plt)
 .rela.plt      0x0000000000400480       0xc0 /usr/lib/gcc/x86_64-linux-gnu/5/../../../x86_64-linux-gnu/crt1.o
                [!provide]                        PROVIDE (__rela_iplt_start, .)
 *(.rela.iplt)
 .rela.iplt     0x0000000000400540        0x0 /usr/lib/gcc/x86_64-linux-gnu/5/../../../x86_64-linux-gnu/crt1.o
                [!provide]                        PROVIDE (__rela_iplt_end, .)

.init           0x0000000000400540       0x1a
 *(SORT(.init))
 .init          0x0000000000400540       0x15 /usr/lib/gcc/x86_64-linux-gnu/5/../../../x86_64-linux-gnu/crti.o
                0x0000000000400540                _init
 .init          0x0000000000400555        0x5 /usr/lib/gcc/x86_64-linux-gnu/5/../../../x86_64-linux-gnu/crtn.o

.plt            0x0000000000400560       0x90
 *(.plt)
 .plt           0x0000000000400560       0x90 /usr/lib/gcc/x86_64-linux-gnu/5/../../../x86_64-linux-gnu/crt1.o
                0x0000000000400570                free@@GLIBC_2.2.5
                0x0000000000400580                puts@@GLIBC_2.2.5
                0x0000000000400590                __stack_chk_fail@@GLIBC_2.4
                0x00000000004005a0                printf@@GLIBC_2.2.5
                0x00000000004005b0                read@@GLIBC_2.2.5
                0x00000000004005c0                __libc_start_main@@GLIBC_2.2.5
                0x00000000004005d0                malloc@@GLIBC_2.2.5
                0x00000000004005e0                open@@GLIBC_2.2.5
 *(.iplt)
 .iplt          0x00000000004005f0        0x0 /usr/lib/gcc/x86_64-linux-gnu/5/../../../x86_64-linux-gnu/crt1.o

.plt.got        0x00000000004005f0        0x8
 *(.plt.got)
 .plt.got       0x00000000004005f0        0x8 /usr/lib/gcc/x86_64-linux-gnu/5/../../../x86_64-linux-gnu/crt1.o

.plt.bnd
 *(.plt.bnd)

.text           0x0000000000400600     0x1982
 *(.text.unlikely .text.*_unlikely .text.unlikely.*)
 .text.unlikely
                0x0000000000400600        0x0 /usr/lib/gcc/x86_64-linux-gnu/5/crtbegin.o
 .text.unlikely
                0x0000000000400600        0x0 /usr/lib/x86_64-linux-gnu/libc_nonshared.a(elf-init.oS)
 *(.text.exit .text.exit.*)
 *(.text.startup .text.startup.*)
 *(.text.hot .text.hot.*)
 *(.text .stub .text.* .gnu.linkonce.t.*)
 .text          0x0000000000400600       0x2a /usr/lib/gcc/x86_64-linux-gnu/5/../../../x86_64-linux-gnu/crt1.o
                0x0000000000400600                _start
 .text          0x000000000040062a        0x0 /usr/lib/gcc/x86_64-linux-gnu/5/../../../x86_64-linux-gnu/crti.o
 *fill*         0x000000000040062a        0x6 
 .text          0x0000000000400630       0xc6 /usr/lib/gcc/x86_64-linux-gnu/5/crtbegin.o
 .text          0x00000000004006f6      0x38f /tmp/ccOpPnyv.o
                0x00000000004006f6                ft_strlen_tab
                0x000000000040072c                ft_nblines
                0x0000000000400786                ft_tabdel
                0x00000000004007cb                ft_pxl_pushback
                0x0000000000400830                ft_init_map
                0x0000000000400926                ft_parsing
                0x0000000000400a12                main
 .text          0x0000000000400a85      0x340 /tmp/ccnzkj8R.o
                0x0000000000400a85                ft_get_line
                0x0000000000400b8e                ft_get_pixel
                0x0000000000400cbd                ft_get_map
 .text          0x0000000000400dc5       0x43 ../libft/libft.a(ft_memalloc.o)
                0x0000000000400dc5                ft_memalloc
 .text          0x0000000000400e08       0x2f ../libft/libft.a(ft_strlen.o)
                0x0000000000400e08                ft_strlen
 .text          0x0000000000400e37       0x7d ../libft/libft.a(ft_strdup.o)
                0x0000000000400e37                ft_strdup
 .text          0x0000000000400eb4       0x81 ../libft/libft.a(ft_strchr.o)
                0x0000000000400eb4                ft_strchr
 .text          0x0000000000400f35       0x32 ../libft/libft.a(ft_strdel.o)
                0x0000000000400f35                ft_strdel
 .text          0x0000000000400f67      0x15c ../libft/libft.a(ft_atoi.o)
                0x0000000000400f67                ft_atoi
 .text          0x00000000004010c3      0x281 ../libft/libft.a(ft_strsplit.o)
                0x00000000004011a1                ft_strsplit
 .text          0x0000000000401344       0x21 ../libft/libft.a(ft_isdigit.o)
                0x0000000000401344                ft_isdigit
 .text          0x0000000000401365       0xc1 ../libft/libft.a(ft_strsub.o)
                0x0000000000401365                ft_strsub
 .text          0x0000000000401426      0x28c ../libft/libft.a(ft_atoi_base.o)
                0x000000000040155a                ft_atoi_base
 .text          0x00000000004016b2       0x42 ../libft/libft.a(ft_strnlen.o)
                0x00000000004016b2                ft_strnlen
 .text          0x00000000004016f4       0x7b ../libft/libft.a(ft_convert_dec.o)
                0x00000000004016f4                ft_convert_dec
 .text          0x000000000040176f      0x4c0 ../libft/libft.a(ft_get_next_line.o)
                0x000000000040176f                ft_strjoin_free
                0x0000000000401ad0                ft_get_next_line
 .text          0x0000000000401c2f       0x68 ../libft/libft.a(ft_convert_power.o)
                0x0000000000401c2f                ft_convert_power
 .text          0x0000000000401c97       0xc4 ../libft/libft.a(ft_is_inbase.o)
                0x0000000000401c97                ft_is_inbase
 .text          0x0000000000401d5b       0x37 ../libft/libft.a(ft_bzero.o)
                0x0000000000401d5b                ft_bzero
 .text          0x0000000000401d92       0x4b ../libft/libft.a(ft_strnew.o)
                0x0000000000401d92                ft_strnew
 .text          0x0000000000401ddd       0x62 ../libft/libft.a(ft_strcpy.o)
                0x0000000000401ddd                ft_strcpy
 .text          0x0000000000401e3f       0x6f ../libft/libft.a(ft_strcat.o)
                0x0000000000401e3f                ft_strcat
 .text          0x0000000000401eae       0x53 ../libft/libft.a(ft_power.o)
                0x0000000000401eae                ft_power
 *fill*         0x0000000000401f01        0xf 
 .text          0x0000000000401f10       0x72 /usr/lib/x86_64-linux-gnu/libc_nonshared.a(elf-init.oS)
                0x0000000000401f10                __libc_csu_init
                0x0000000000401f80                __libc_csu_fini
 .text          0x0000000000401f82        0x0 /usr/lib/gcc/x86_64-linux-gnu/5/crtend.o
 .text          0x0000000000401f82        0x0 /usr/lib/gcc/x86_64-linux-gnu/5/../../../x86_64-linux-gnu/crtn.o
 *(.gnu.warning)

.fini           0x0000000000401f84        0x9
 *(SORT(.fini))
 .fini          0x0000000000401f84        0x4 /usr/lib/gcc/x86_64-linux-gnu/5/../../../x86_64-linux-gnu/crti.o
                0x0000000000401f84                _fini
 .fini          0x0000000000401f88        0x5 /usr/lib/gcc/x86_64-linux-gnu/5/../../../x86_64-linux-gnu/crtn.o
                [!provide]                        PROVIDE (__etext, .)
                [!provide]                        PROVIDE (_etext, .)
                [!provide]                        PROVIDE (etext, .)

.rodata         0x0000000000401f90       0x3a
 *(.rodata .rodata.* .gnu.linkonce.r.*)
 .rodata.cst4   0x0000000000401f90        0x4 /usr/lib/gcc/x86_64-linux-gnu/5/../../../x86_64-linux-gnu/crt1.o
                0x0000000000401f90                _IO_stdin_used
 .rodata        0x0000000000401f94       0x14 /tmp/ccOpPnyv.o
 .rodata        0x0000000000401fa8       0x22 ../libft/libft.a(ft_convert_dec.o)

.rodata1
 *(.rodata1)

.eh_frame_hdr   0x0000000000401fcc      0x16c
 *(.eh_frame_hdr)
 .eh_frame_hdr  0x0000000000401fcc      0x16c /usr/lib/gcc/x86_64-linux-gnu/5/../../../x86_64-linux-gnu/crt1.o
                0x0000000000401fcc                __GNU_EH_FRAME_HDR
 *(.eh_frame_entry .eh_frame_entry.*)

.eh_frame       0x0000000000402138      0x5fc
 *(.eh_frame)
 .eh_frame      0x0000000000402138       0x30 /usr/lib/gcc/x86_64-linux-gnu/5/../../../x86_64-linux-gnu/crt1.o
 .eh_frame      0x0000000000402168       0x40 /usr/lib/gcc/x86_64-linux-gnu/5/../../../x86_64-linux-gnu/crt1.o
 .eh_frame      0x00000000004021a8       0xe0 /tmp/ccOpPnyv.o
                                         0xf8 (size before relaxing)
 .eh_frame      0x0000000000402288       0x68 /tmp/ccnzkj8R.o
                                         0x80 (size before relaxing)
 .eh_frame      0x00000000004022f0       0x20 ../libft/libft.a(ft_memalloc.o)
                                         0x38 (size before relaxing)
 .eh_frame      0x0000000000402310       0x20 ../libft/libft.a(ft_strlen.o)
                                         0x38 (size before relaxing)
 .eh_frame      0x0000000000402330       0x20 ../libft/libft.a(ft_strdup.o)
                                         0x38 (size before relaxing)
 .eh_frame      0x0000000000402350       0x20 ../libft/libft.a(ft_strchr.o)
                                         0x38 (size before relaxing)
 .eh_frame      0x0000000000402370       0x20 ../libft/libft.a(ft_strdel.o)
                                         0x38 (size before relaxing)
 .eh_frame      0x0000000000402390       0x20 ../libft/libft.a(ft_atoi.o)
                                         0x38 (size before relaxing)
 .eh_frame      0x00000000004023b0       0x88 ../libft/libft.a(ft_strsplit.o)
                                         0xa0 (size before relaxing)
 .eh_frame      0x0000000000402438       0x20 ../libft/libft.a(ft_isdigit.o)
                                         0x38 (size before relaxing)
 .eh_frame      0x0000000000402458       0x20 ../libft/libft.a(ft_strsub.o)
                                         0x38 (size before relaxing)
 .eh_frame      0x0000000000402478       0x88 ../libft/libft.a(ft_atoi_base.o)
                                         0xa0 (size before relaxing)
 .eh_frame      0x0000000000402500       0x20 ../libft/libft.a(ft_strnlen.o)
                                         0x38 (size before relaxing)
 .eh_frame      0x0000000000402520       0x20 ../libft/libft.a(ft_convert_dec.o)
                                         0x38 (size before relaxing)
 .eh_frame      0x0000000000402540       0xb0 ../libft/libft.a(ft_get_next_line.o)
                                         0xc0 (size before relaxing)
 .eh_frame      0x00000000004025f0       0x20 ../libft/libft.a(ft_convert_power.o)
                                         0x38 (size before relaxing)
 .eh_frame      0x0000000000402610       0x20 ../libft/libft.a(ft_is_inbase.o)
                                         0x38 (size before relaxing)
 .eh_frame      0x0000000000402630       0x20 ../libft/libft.a(ft_bzero.o)
                                         0x38 (size before relaxing)
 .eh_frame      0x0000000000402650       0x20 ../libft/libft.a(ft_strnew.o)
                                         0x38 (size before relaxing)
 .eh_frame      0x0000000000402670       0x20 ../libft/libft.a(ft_strcpy.o)
                                         0x38 (size before relaxing)
 .eh_frame      0x0000000000402690       0x20 ../libft/libft.a(ft_strcat.o)
                                         0x38 (size before relaxing)
 .eh_frame      0x00000000004026b0       0x20 ../libft/libft.a(ft_power.o)
                                         0x38 (size before relaxing)
 .eh_frame      0x00000000004026d0       0x60 /usr/lib/x86_64-linux-gnu/libc_nonshared.a(elf-init.oS)
                                         0x78 (size before relaxing)
 .eh_frame      0x0000000000402730        0x4 /usr/lib/gcc/x86_64-linux-gnu/5/crtend.o
 *(.eh_frame.*)

.gcc_except_table
 *(.gcc_except_table .gcc_except_table.*)

.gnu_extab
 *(.gnu_extab*)

.exception_ranges
 *(.exception_ranges .exception_ranges*)
                0x0000000000602e10                . = DATA_SEGMENT_ALIGN (0x200000, 0x1000)

.eh_frame
 *(.eh_frame)
 *(.eh_frame.*)

.gnu_extab
 *(.gnu_extab)

.gcc_except_table
 *(.gcc_except_table .gcc_except_table.*)

.exception_ranges
 *(.exception_ranges .exception_ranges*)

.tdata
 *(.tdata .tdata.* .gnu.linkonce.td.*)

.tbss
 *(.tbss .tbss.* .gnu.linkonce.tb.*)
 *(.tcommon)

.preinit_array  0x0000000000602e10        0x0
                [!provide]                        PROVIDE (__preinit_array_start, .)
 *(.preinit_array)
                [!provide]                        PROVIDE (__preinit_array_end, .)

.init_array     0x0000000000602e10        0x8
                0x0000000000602e10                PROVIDE (__init_array_start, .)
 *(SORT(.init_array.*) SORT(.ctors.*))
 *(.init_array EXCLUDE_FILE(*crtend?.o *crtend.o *crtbegin?.o *crtbegin.o) .ctors)
 .init_array    0x0000000000602e10        0x8 /usr/lib/gcc/x86_64-linux-gnu/5/crtbegin.o
                0x0000000000602e18                PROVIDE (__init_array_end, .)

.fini_array     0x0000000000602e18        0x8
                [!provide]                        PROVIDE (__fini_array_start, .)
 *(SORT(.fini_array.*) SORT(.dtors.*))
 *(.fini_array EXCLUDE_FILE(*crtend?.o *crtend.o *crtbegin?.o *crtbegin.o) .dtors)
 .fini_array    0x0000000000602e18        0x8 /usr/lib/gcc/x86_64-linux-gnu/5/crtbegin.o
                [!provide]                        PROVIDE (__fini_array_end, .)

.ctors
 *crtbegin.o(.ctors)
 *crtbegin?.o(.ctors)
 *(EXCLUDE_FILE(*crtend?.o *crtend.o) .ctors)
 *(SORT(.ctors.*))
 *(.ctors)

.dtors
 *crtbegin.o(.dtors)
 *crtbegin?.o(.dtors)
 *(EXCLUDE_FILE(*crtend?.o *crtend.o) .dtors)
 *(SORT(.dtors.*))
 *(.dtors)

.jcr            0x0000000000602e20        0x8
 *(.jcr)
 .jcr           0x0000000000602e20        0x0 /usr/lib/gcc/x86_64-linux-gnu/5/crtbegin.o
 .jcr           0x0000000000602e20        0x8 /usr/lib/gcc/x86_64-linux-gnu/5/crtend.o

.data.rel.ro
 *(.data.rel.ro.local* .gnu.linkonce.d.rel.ro.local.*)
 *(.data.rel.ro .data.rel.ro.* .gnu.linkonce.d.rel.ro.*)

.dynamic        0x0000000000602e28      0x1d0
 *(.dynamic)
 .dynamic       0x0000000000602e28      0x1d0 /usr/lib/gcc/x86_64-linux-gnu/5/../../../x86_64-linux-gnu/crt1.o
                0x0000000000602e28                _DYNAMIC

.got            0x0000000000602ff8        0x8
 *(.got)
 .got           0x0000000000602ff8        0x8 /usr/lib/gcc/x86_64-linux-gnu/5/../../../x86_64-linux-gnu/crt1.o
 *(.igot)
                0x0000000000603fe8                . = DATA_SEGMENT_RELRO_END (., (SIZEOF (.got.plt) >= 0x18)?0x18:0x0)

.got.plt        0x0000000000603000       0x58
 *(.got.plt)
 .got.plt       0x0000000000603000       0x58 /usr/lib/gcc/x86_64-linux-gnu/5/../../../x86_64-linux-gnu/crt1.o
                0x0000000000603000                _GLOBAL_OFFSET_TABLE_
 *(.igot.plt)
 .igot.plt      0x0000000000603058        0x0 /usr/lib/gcc/x86_64-linux-gnu/5/../../../x86_64-linux-gnu/crt1.o

.data           0x0000000000603058       0x10
 *(.data .data.* .gnu.linkonce.d.*)
 .data          0x0000000000603058        0x4 /usr/lib/gcc/x86_64-linux-gnu/5/../../../x86_64-linux-gnu/crt1.o
                0x0000000000603058                data_start
                0x0000000000603058                __data_start
 .data          0x000000000060305c        0x0 /usr/lib/gcc/x86_64-linux-gnu/5/../../../x86_64-linux-gnu/crti.o
 *fill*         0x000000000060305c        0x4 
 .data          0x0000000000603060        0x8 /usr/lib/gcc/x86_64-linux-gnu/5/crtbegin.o
                0x0000000000603060                __dso_handle
 .data          0x0000000000603068        0x0 /tmp/ccOpPnyv.o
 .data          0x0000000000603068        0x0 /tmp/ccnzkj8R.o
 .data          0x0000000000603068        0x0 ../libft/libft.a(ft_memalloc.o)
 .data          0x0000000000603068        0x0 ../libft/libft.a(ft_strlen.o)
 .data          0x0000000000603068        0x0 ../libft/libft.a(ft_strdup.o)
 .data          0x0000000000603068        0x0 ../libft/libft.a(ft_strchr.o)
 .data          0x0000000000603068        0x0 ../libft/libft.a(ft_strdel.o)
 .data          0x0000000000603068        0x0 ../libft/libft.a(ft_atoi.o)
 .data          0x0000000000603068        0x0 ../libft/libft.a(ft_strsplit.o)
 .data          0x0000000000603068        0x0 ../libft/libft.a(ft_isdigit.o)
 .data          0x0000000000603068        0x0 ../libft/libft.a(ft_strsub.o)
 .data          0x0000000000603068        0x0 ../libft/libft.a(ft_atoi_base.o)
 .data          0x0000000000603068        0x0 ../libft/libft.a(ft_strnlen.o)
 .data          0x0000000000603068        0x0 ../libft/libft.a(ft_convert_dec.o)
 .data          0x0000000000603068        0x0 ../libft/libft.a(ft_get_next_line.o)
 .data          0x0000000000603068        0x0 ../libft/libft.a(ft_convert_power.o)
 .data          0x0000000000603068        0x0 ../libft/libft.a(ft_is_inbase.o)
 .data          0x0000000000603068        0x0 ../libft/libft.a(ft_bzero.o)
 .data          0x0000000000603068        0x0 ../libft/libft.a(ft_strnew.o)
 .data          0x0000000000603068        0x0 ../libft/libft.a(ft_strcpy.o)
 .data          0x0000000000603068        0x0 ../libft/libft.a(ft_strcat.o)
 .data          0x0000000000603068        0x0 ../libft/libft.a(ft_power.o)
 .data          0x0000000000603068        0x0 /usr/lib/x86_64-linux-gnu/libc_nonshared.a(elf-init.oS)
 .data          0x0000000000603068        0x0 /usr/lib/gcc/x86_64-linux-gnu/5/crtend.o
 .data          0x0000000000603068        0x0 /usr/lib/gcc/x86_64-linux-gnu/5/../../../x86_64-linux-gnu/crtn.o

.tm_clone_table
                0x0000000000603068        0x0
 .tm_clone_table
                0x0000000000603068        0x0 /usr/lib/gcc/x86_64-linux-gnu/5/crtbegin.o
 .tm_clone_table
                0x0000000000603068        0x0 /usr/lib/gcc/x86_64-linux-gnu/5/crtend.o

.data1
 *(.data1)
                0x0000000000603068                _edata = .
                [!provide]                        PROVIDE (edata, .)
                0x0000000000603068                . = .
                0x0000000000603068                __bss_start = .

.bss            0x0000000000603080    0x14020
 *(.dynbss)
 .dynbss        0x0000000000603080        0x0 /usr/lib/gcc/x86_64-linux-gnu/5/../../../x86_64-linux-gnu/crt1.o
 *(.bss .bss.* .gnu.linkonce.b.*)
 .bss           0x0000000000603080        0x0 /usr/lib/gcc/x86_64-linux-gnu/5/../../../x86_64-linux-gnu/crt1.o
 .bss           0x0000000000603080        0x0 /usr/lib/gcc/x86_64-linux-gnu/5/../../../x86_64-linux-gnu/crti.o
 .bss           0x0000000000603080        0x1 /usr/lib/gcc/x86_64-linux-gnu/5/crtbegin.o
 .bss           0x0000000000603081        0x0 /tmp/ccOpPnyv.o
 .bss           0x0000000000603081        0x0 /tmp/ccnzkj8R.o
 .bss           0x0000000000603081        0x0 ../libft/libft.a(ft_memalloc.o)
 .bss           0x0000000000603081        0x0 ../libft/libft.a(ft_strlen.o)
 .bss           0x0000000000603081        0x0 ../libft/libft.a(ft_strdup.o)
 .bss           0x0000000000603081        0x0 ../libft/libft.a(ft_strchr.o)
 .bss           0x0000000000603081        0x0 ../libft/libft.a(ft_strdel.o)
 .bss           0x0000000000603081        0x0 ../libft/libft.a(ft_atoi.o)
 .bss           0x0000000000603081        0x0 ../libft/libft.a(ft_strsplit.o)
 .bss           0x0000000000603081        0x0 ../libft/libft.a(ft_isdigit.o)
 .bss           0x0000000000603081        0x0 ../libft/libft.a(ft_strsub.o)
 .bss           0x0000000000603081        0x0 ../libft/libft.a(ft_atoi_base.o)
 .bss           0x0000000000603081        0x0 ../libft/libft.a(ft_strnlen.o)
 .bss           0x0000000000603081        0x0 ../libft/libft.a(ft_convert_dec.o)
 *fill*         0x0000000000603081       0x1f 
 .bss           0x00000000006030a0    0x14000 ../libft/libft.a(ft_get_next_line.o)
 .bss           0x00000000006170a0        0x0 ../libft/libft.a(ft_convert_power.o)
 .bss           0x00000000006170a0        0x0 ../libft/libft.a(ft_is_inbase.o)
 .bss           0x00000000006170a0        0x0 ../libft/libft.a(ft_bzero.o)
 .bss           0x00000000006170a0        0x0 ../libft/libft.a(ft_strnew.o)
 .bss           0x00000000006170a0        0x0 ../libft/libft.a(ft_strcpy.o)
 .bss           0x00000000006170a0        0x0 ../libft/libft.a(ft_strcat.o)
 .bss           0x00000000006170a0        0x0 ../libft/libft.a(ft_power.o)
 .bss           0x00000000006170a0        0x0 /usr/lib/x86_64-linux-gnu/libc_nonshared.a(elf-init.oS)
 .bss           0x00000000006170a0        0x0 /usr/lib/gcc/x86_64-linux-gnu/5/crtend.o
 .bss           0x00000000006170a0        0x0 /usr/lib/gcc/x86_64-linux-gnu/5/../../../x86_64-linux-gnu/crtn.o
 *(COMMON)
                0x00000000006170a0                . = ALIGN ((. != 0x0)?0x8:0x1)

.lbss
 *(.dynlbss)
 *(.lbss .lbss.* .gnu.linkonce.lb.*)
 *(LARGE_COMMON)
                0x00000000006170a0                . = ALIGN (0x8)
                0x00000000006170a0                . = SEGMENT_START ("ldata-segment", .)

.lrodata
 *(.lrodata .lrodata.* .gnu.linkonce.lr.*)

.ldata          0x0000000000a170a0        0x0
 *(.ldata .ldata.* .gnu.linkonce.l.*)
                0x0000000000a170a0                . = ALIGN ((. != 0x0)?0x8:0x1)
                0x0000000000a170a0                . = ALIGN (0x8)
                0x0000000000a170a0                _end = .
                [!provide]                        PROVIDE (end, .)
                0x0000000000a170a0                . = DATA_SEGMENT_END (.)

.stab
 *(.stab)

.stabstr
 *(.stabstr)

.stab.excl
 *(.stab.excl)

.stab.exclstr
 *(.stab.exclstr)

.stab.index
 *(.stab.index)

.stab.indexstr
 *(.stab.indexstr)

.comment        0x0000000000000000       0x35
 *(.comment)
 .comment       0x0000000000000000       0x35 /usr/lib/gcc/x86_64-linux-gnu/5/crtbegin.o
                                         0x36 (size before relaxing)
 .comment       0x0000000000000035       0x36 /tmp/ccOpPnyv.o
 .comment       0x0000000000000035       0x36 /tmp/ccnzkj8R.o
 .comment       0x0000000000000035       0x36 ../libft/libft.a(ft_memalloc.o)
 .comment       0x0000000000000035       0x36 ../libft/libft.a(ft_strlen.o)
 .comment       0x0000000000000035       0x36 ../libft/libft.a(ft_strdup.o)
 .comment       0x0000000000000035       0x36 ../libft/libft.a(ft_strchr.o)
 .comment       0x0000000000000035       0x36 ../libft/libft.a(ft_strdel.o)
 .comment       0x0000000000000035       0x36 ../libft/libft.a(ft_atoi.o)
 .comment       0x0000000000000035       0x36 ../libft/libft.a(ft_strsplit.o)
 .comment       0x0000000000000035       0x36 ../libft/libft.a(ft_isdigit.o)
 .comment       0x0000000000000035       0x36 ../libft/libft.a(ft_strsub.o)
 .comment       0x0000000000000035       0x36 ../libft/libft.a(ft_atoi_base.o)
 .comment       0x0000000000000035       0x36 ../libft/libft.a(ft_strnlen.o)
 .comment       0x0000000000000035       0x36 ../libft/libft.a(ft_convert_dec.o)
 .comment       0x0000000000000035       0x36 ../libft/libft.a(ft_get_next_line.o)
 .comment       0x0000000000000035       0x36 ../libft/libft.a(ft_convert_power.o)
 .comment       0x0000000000000035       0x36 ../libft/libft.a(ft_is_inbase.o)
 .comment       0x0000000000000035       0x36 ../libft/libft.a(ft_bzero.o)
 .comment       0x0000000000000035       0x36 ../libft/libft.a(ft_strnew.o)
 .comment       0x0000000000000035       0x36 ../libft/libft.a(ft_strcpy.o)
 .comment       0x0000000000000035       0x36 ../libft/libft.a(ft_strcat.o)
 .comment       0x0000000000000035       0x36 ../libft/libft.a(ft_power.o)
 .comment       0x0000000000000035       0x36 /usr/lib/gcc/x86_64-linux-gnu/5/crtend.o

.debug
 *(.debug)

.line
 *(.line)

.debug_srcinfo
 *(.debug_srcinfo)

.debug_sfnames
 *(.debug_sfnames)

.debug_aranges
 *(.debug_aranges)

.debug_pubnames
 *(.debug_pubnames)

.debug_info
 *(.debug_info .gnu.linkonce.wi.*)

.debug_abbrev
 *(.debug_abbrev)

.debug_line
 *(.debug_line .debug_line.* .debug_line_end)

.debug_frame
 *(.debug_frame)

.debug_str
 *(.debug_str)

.debug_loc
 *(.debug_loc)

.debug_macinfo
 *(.debug_macinfo)

.debug_weaknames
 *(.debug_weaknames)

.debug_funcnames
 *(.debug_funcnames)

.debug_typenames
 *(.debug_typenames)

.debug_varnames
 *(.debug_varnames)

.debug_pubtypes
 *(.debug_pubtypes)

.debug_ranges
 *(.debug_ranges)

.debug_macro
 *(.debug_macro)

.gnu.attributes
 *(.gnu.attributes)

/DISCARD/
 *(.note.GNU-stack)
 *(.gnu_debuglink)
 *(.gnu.lto_*)
OUTPUT(a.out elf64-x86-64)
